OpenSTA 2.7.0 GITDIR-NOT Copyright (c) 2025, Parallax Software, Inc.
License GPLv3: GNU GPL version 3 <http://gnu.org/licenses/gpl.html>

This is free software, and you are free to change and redistribute it
under certain conditions; type `show_copying' for details. 
This program comes with ABSOLUTELY NO WARRANTY; for details type `show_warranty'.
STA_SPEF_ERROR: none
STA_SPEF_DRIVERS: 8665 174
STA_CORNER tt
Startpoint: resetn (input port clocked by clk)
Endpoint: reg_op2_reg[30] (rising edge-triggered flip-flop clocked by clk)
Path Group: clk
Path Type: max

   Delay     Time   Description
-----------------------------------------------------------
   0.000    0.000   clock clk (rise edge)
   0.000    0.000   clock network delay (propagated)
   4.000    4.000 ^ input external delay
   0.000    4.000 ^ resetn (in)
   0.050    4.050 v FE_RC_23_0/Y (sky130_fd_sc_hd__nand2_8)
   0.113    4.163 ^ FE_RC_24_0/Y (sky130_fd_sc_hd__inv_12)
   0.086    4.249 v FE_OFC1291_n_441/Y (sky130_fd_sc_hd__clkinv_8)
   0.147    4.396 v FE_OFC2031_n_443/X (sky130_fd_sc_hd__buf_2)
   0.580    4.976 ^ g144377/Y (sky130_fd_sc_hd__nor2_2)
   0.344    5.321 ^ FE_OFC2365_n_3110/X (sky130_fd_sc_hd__clkbuf_2)
   0.074    5.394 v FE_RC_74_0/Y (sky130_fd_sc_hd__nand2_1)
   0.079    5.473 ^ FE_RC_71_0/Y (sky130_fd_sc_hd__nand2_1)
   0.062    5.535 v FE_RC_72_0/Y (sky130_fd_sc_hd__inv_2)
   0.137    5.673 ^ g141962/Y (sky130_fd_sc_hd__nand4_1)
   0.061    5.734 v FE_RC_477_0/Y (sky130_fd_sc_hd__nor3b_2)
   0.084    5.818 ^ FE_OFC2418_FE_RN_38_0/Y (sky130_fd_sc_hd__inv_1)
   0.000    5.819 ^ reg_op2_reg[30]/D (sky130_fd_sc_hd__dfxtp_1)
            5.819   data arrival time

   8.000    8.000   clock clk (rise edge)
   0.000    8.000   clock source latency
   0.000    8.000 ^ clk (in)
   0.151    8.151 ^ CTS_ccl_a_buf_00173/X (sky130_fd_sc_hd__clkbuf_16)
   0.184    8.336 ^ CTS_ccl_a_buf_00167/X (sky130_fd_sc_hd__clkbuf_8)
   0.191    8.527 ^ CTS_ccl_a_buf_00013/X (sky130_fd_sc_hd__clkbuf_4)
   0.001    8.527 ^ reg_op2_reg[30]/CLK (sky130_fd_sc_hd__dfxtp_1)
  -0.250    8.277   clock uncertainty
   0.000    8.277   clock reconvergence pessimism
  -0.056    8.222   library setup time
            8.222   data required time
-----------------------------------------------------------
            8.222   data required time
           -5.819   data arrival time
-----------------------------------------------------------
            2.403   slack (MET)


Startpoint: is_lbu_lhu_lw_reg (rising edge-triggered flip-flop clocked by clk)
Endpoint: latched_is_lu_reg (rising edge-triggered flip-flop clocked by clk)
Path Group: clk
Path Type: min

   Delay     Time   Description
-----------------------------------------------------------
   0.000    0.000   clock clk (rise edge)
   0.000    0.000   clock source latency
   0.000    0.000 ^ clk (in)
   0.186    0.186 ^ CTS_ccl_a_buf_00174/X (sky130_fd_sc_hd__clkbuf_16)
   0.203    0.389 ^ CTS_ccl_a_buf_00157/X (sky130_fd_sc_hd__clkbuf_16)
   0.161    0.550 ^ CTS_ccl_a_buf_00045/X (sky130_fd_sc_hd__clkbuf_8)
   0.001    0.550 ^ is_lbu_lhu_lw_reg/CLK (sky130_fd_sc_hd__dfxtp_1)
   0.324    0.875 ^ is_lbu_lhu_lw_reg/Q (sky130_fd_sc_hd__dfxtp_1)
   0.120    0.994 ^ g144987/X (sky130_fd_sc_hd__a22o_1)
   0.000    0.994 ^ latched_is_lu_reg/D (sky130_fd_sc_hd__dfxtp_1)
            0.994   data arrival time

   0.000    0.000   clock clk (rise edge)
   0.000    0.000   clock source latency
   0.000    0.000 ^ clk (in)
   0.186    0.186 ^ CTS_ccl_a_buf_00174/X (sky130_fd_sc_hd__clkbuf_16)
   0.204    0.389 ^ CTS_ccl_a_buf_00170/X (sky130_fd_sc_hd__clkbuf_16)
   0.164    0.553 ^ CTS_ccl_a_buf_00044/X (sky130_fd_sc_hd__clkbuf_8)
   0.000    0.554 ^ latched_is_lu_reg/CLK (sky130_fd_sc_hd__dfxtp_1)
   0.250    0.804   clock uncertainty
   0.000    0.804   clock reconvergence pessimism
  -0.028    0.775   library hold time
            0.775   data required time
-----------------------------------------------------------
            0.775   data required time
           -0.994   data arrival time
-----------------------------------------------------------
            0.219   slack (MET)


STA_SETUP_WORST 2.403
STA_HOLD_WORST 0.219
max slew

Pin                                    Limit    Slew   Slack
------------------------------------------------------------
g76831__1881/A2                         1.50    0.92    0.58 (MET)

max fanout

Pin                                   Limit Fanout  Slack
---------------------------------------------------------
CTS_ccl_a_buf_00001/X                    10     10      0 (MET)

max capacitance

Pin                                    Limit     Cap   Slack
------------------------------------------------------------
g146490/Y                               0.04    0.02    0.02 (MET)

STA_MAX_SLEW_VIOLATIONS 0
STA_MAX_CAP_VIOLATIONS 0
STA_MAX_FANOUT_VIOLATIONS 0
