OpenSTA 2.7.0 GITDIR-NOT Copyright (c) 2025, Parallax Software, Inc.
License GPLv3: GNU GPL version 3 <http://gnu.org/licenses/gpl.html>

This is free software, and you are free to change and redistribute it
under certain conditions; type `show_copying' for details. 
This program comes with ABSOLUTELY NO WARRANTY; for details type `show_warranty'.
STA_SPEF_ERROR: none
STA_SPEF_DRIVERS: 8557 173
STA_CORNER ff
Startpoint: resetn (input port clocked by clk)
Endpoint: reg_op2_reg[7] (rising edge-triggered flip-flop clocked by clk)
Path Group: clk
Path Type: max

   Delay     Time   Description
-----------------------------------------------------------
   0.000    0.000   clock clk (rise edge)
   0.000    0.000   clock network delay (propagated)
   4.125    4.125 ^ input external delay
   0.000    4.125 ^ resetn (in)
   0.042    4.167 v g143989/Y (sky130_fd_sc_hd__nand2_8)
   0.089    4.256 ^ FE_OFC1477_n_533/Y (sky130_fd_sc_hd__inv_8)
   0.037    4.293 v FE_OCPC1672_FE_OFN2200_n_533/Y (sky130_fd_sc_hd__inv_12)
   0.468    4.762 ^ g142889/Y (sky130_fd_sc_hd__nor2_2)
   0.192    4.954 ^ FE_OFC2386_n_3252/X (sky130_fd_sc_hd__clkbuf_1)
   0.052    5.006 v g142406/Y (sky130_fd_sc_hd__a22oi_1)
   0.103    5.109 v FE_RC_211_0/X (sky130_fd_sc_hd__and2_1)
   0.119    5.228 ^ FE_RC_210_0/Y (sky130_fd_sc_hd__nand3_1)
   0.052    5.279 v FE_RC_258_0/Y (sky130_fd_sc_hd__nor4_1)
   0.072    5.351 ^ FE_RC_259_0/Y (sky130_fd_sc_hd__inv_1)
   0.000    5.352 ^ reg_op2_reg[7]/D (sky130_fd_sc_hd__dfxtp_1)
            5.352   data arrival time

   8.250    8.250   clock clk (rise edge)
   0.000    8.250   clock source latency
   0.000    8.250 ^ clk (in)
   0.103    8.353 ^ CTS_idc_buf_00184/X (sky130_fd_sc_hd__clkbuf_16)
   0.115    8.467 ^ CTS_ccl_a_buf_00159/X (sky130_fd_sc_hd__clkbuf_16)
   0.128    8.595 ^ CTS_ccl_a_buf_00002/X (sky130_fd_sc_hd__clkbuf_4)
   0.001    8.596 ^ reg_op2_reg[7]/CLK (sky130_fd_sc_hd__dfxtp_1)
  -0.250    8.346   clock uncertainty
   0.000    8.346   clock reconvergence pessimism
  -0.031    8.315   library setup time
            8.315   data required time
-----------------------------------------------------------
            8.315   data required time
           -5.352   data arrival time
-----------------------------------------------------------
            2.964   slack (MET)


Startpoint: is_lbu_lhu_lw_reg (rising edge-triggered flip-flop clocked by clk)
Endpoint: latched_is_lu_reg (rising edge-triggered flip-flop clocked by clk)
Path Group: clk
Path Type: min

   Delay     Time   Description
-----------------------------------------------------------
   0.000    0.000   clock clk (rise edge)
   0.000    0.000   clock source latency
   0.000    0.000 ^ clk (in)
   0.090    0.090 ^ CTS_ccl_a_buf_00174/X (sky130_fd_sc_hd__clkbuf_8)
   0.120    0.209 ^ CTS_ccl_a_buf_00158/X (sky130_fd_sc_hd__clkbuf_8)
   0.134    0.343 ^ CTS_ccl_a_buf_00043/X (sky130_fd_sc_hd__clkbuf_4)
   0.001    0.344 ^ is_lbu_lhu_lw_reg/CLK (sky130_fd_sc_hd__dfxtp_1)
   0.198    0.542 ^ is_lbu_lhu_lw_reg/Q (sky130_fd_sc_hd__dfxtp_1)
   0.068    0.610 ^ g145068/X (sky130_fd_sc_hd__a22o_1)
   0.000    0.610 ^ latched_is_lu_reg/D (sky130_fd_sc_hd__dfxtp_1)
            0.610   data arrival time

   0.000    0.000   clock clk (rise edge)
   0.000    0.000   clock source latency
   0.000    0.000 ^ clk (in)
   0.090    0.090 ^ CTS_ccl_a_buf_00174/X (sky130_fd_sc_hd__clkbuf_8)
   0.120    0.209 ^ CTS_ccl_a_buf_00158/X (sky130_fd_sc_hd__clkbuf_8)
   0.134    0.343 ^ CTS_ccl_a_buf_00043/X (sky130_fd_sc_hd__clkbuf_4)
   0.000    0.344 ^ latched_is_lu_reg/CLK (sky130_fd_sc_hd__dfxtp_1)
   0.250    0.594   clock uncertainty
   0.000    0.594   clock reconvergence pessimism
  -0.016    0.577   library hold time
            0.577   data required time
-----------------------------------------------------------
            0.577   data required time
           -0.610   data arrival time
-----------------------------------------------------------
            0.032   slack (MET)


STA_SETUP_WORST 2.964
STA_HOLD_WORST 0.032
max slew

Pin                                    Limit    Slew   Slack
------------------------------------------------------------
g76152__6783/B2                         1.50    0.68    0.82 (MET)

max fanout

Pin                                   Limit Fanout  Slack
---------------------------------------------------------
CTS_ccl_a_buf_00001/X                    10     10      0 (MET)

max capacitance

Pin                                    Limit     Cap   Slack
------------------------------------------------------------
g145088/Y                               0.05    0.01    0.04 (MET)

STA_MAX_SLEW_VIOLATIONS 0
STA_MAX_CAP_VIOLATIONS 0
STA_MAX_FANOUT_VIOLATIONS 0
