./constraints/picorv32.sdc: OK
./layout/picorv32.def: OK
./layout/picorv32.gds: OK
./netlist/picorv32.routed.pg.v: OK
./netlist/picorv32.routed.v: OK
./netlist/picorv32.sim.v: OK
./netlist/picorv32.synth.v: OK
./rtl/picorv32.v: OK
./sim/tb_picorv32_golden.v: OK
./timing/picorv32.sdf: OK
./timing/picorv32.sim.sdf: OK
./timing/picorv32.spef: OK
./verify/antenna_magic.sh: OK
./verify/drc_klayout.sh: OK
./verify/drc_magic.sh: OK
./verify/env.sh: OK
./verify/lvs.sh: OK
./verify/run_all.sh: OK
./verify/sim.sh: OK
./verify/sta.sh: OK
./verify/sta.tcl: OK
./verify/transistors.py: OK
./verify/transistors.sh: OK
./verify/util.py: OK
./verify/versions.sh: OK
