OpenSTA 2.7.0 GITDIR-NOT Copyright (c) 2025, Parallax Software, Inc.
License GPLv3: GNU GPL version 3 <http://gnu.org/licenses/gpl.html>

This is free software, and you are free to change and redistribute it
under certain conditions; type `show_copying' for details. 
This program comes with ABSOLUTELY NO WARRANTY; for details type `show_warranty'.
Warning: <pkg>/netlist/picorv32.routed.v line 11043, module sky130_fd_sc_hd__fill_1 not found. Creating black box for FILLER_0_1007.
Warning: <pkg>/netlist/picorv32.routed.v line 11046, module sky130_fd_sc_hd__fill_2 not found. Creating black box for FILLER_0_106.
Warning: <pkg>/netlist/picorv32.routed.v line 42305, module sky130_fd_sc_hd__tapvpwrvgnd_1 not found. Creating black box for TAP_TAPCELL_ROW_0_344.
STA_SPEF_ERROR: none
STA_SPEF_DRIVERS: 11009 313
STA_CORNER tt
Startpoint: resetn (input port clocked by clk)
Endpoint: _13957_ (rising edge-triggered flip-flop clocked by clk)
Path Group: clk
Path Type: max

   Delay     Time   Description
-----------------------------------------------------------
   0.000    0.000   clock clk (rise edge)
   0.000    0.000   clock network delay (propagated)
   4.125    4.125 ^ input external delay
   0.000    4.125 ^ resetn (in)
   0.128    4.253 ^ input2374/X (sky130_fd_sc_hd__buf_12)
   0.148    4.401 ^ fanout3484/X (sky130_fd_sc_hd__buf_8)
   0.077    4.478 v _06685_/Y (sky130_fd_sc_hd__inv_6)
   0.163    4.641 v fanout3026/X (sky130_fd_sc_hd__buf_12)
   0.089    4.730 ^ _08243_/Y (sky130_fd_sc_hd__nor2_4)
   0.151    4.881 ^ fanout2923/X (sky130_fd_sc_hd__buf_6)
   0.236    5.117 ^ fanout2918/X (sky130_fd_sc_hd__buf_2)
   0.256    5.373 ^ _08625_/X (sky130_fd_sc_hd__o211a_2)
   0.445    5.817 ^ _09281_/X (sky130_fd_sc_hd__and4b_2)
   0.509    6.327 ^ fanout2697/X (sky130_fd_sc_hd__buf_2)
   0.282    6.609 v _09348_/X (sky130_fd_sc_hd__and2b_2)
   0.202    6.810 v _09349_/X (sky130_fd_sc_hd__a31o_2)
   0.000    6.810 v _13957_/D (sky130_fd_sc_hd__dfxtp_2)
            6.810   data arrival time

   8.250    8.250   clock clk (rise edge)
   0.000    8.250   clock source latency
   0.000    8.250 ^ clk (in)
   0.120    8.370 ^ clkbuf_0_clk/X (sky130_fd_sc_hd__clkbuf_16)
   0.153    8.523 ^ clkbuf_1_0_0_clk/X (sky130_fd_sc_hd__clkbuf_8)
   0.186    8.709 ^ clkbuf_2_1_0_clk/X (sky130_fd_sc_hd__clkbuf_8)
   0.161    8.870 ^ clkbuf_4_7_0_clk/X (sky130_fd_sc_hd__clkbuf_8)
   0.163    9.033 ^ clkbuf_5_15__f_clk/X (sky130_fd_sc_hd__clkbuf_16)
   0.159    9.191 ^ clkbuf_leaf_80_clk/X (sky130_fd_sc_hd__clkbuf_8)
   0.001    9.192 ^ _13957_/CLK (sky130_fd_sc_hd__dfxtp_2)
  -0.250    8.942   clock uncertainty
   0.000    8.942   clock reconvergence pessimism
  -0.103    8.838   library setup time
            8.838   data required time
-----------------------------------------------------------
            8.838   data required time
           -6.810   data arrival time
-----------------------------------------------------------
            2.028   slack (MET)


Startpoint: _13810_ (rising edge-triggered flip-flop clocked by clk)
Endpoint: _13810_ (rising edge-triggered flip-flop clocked by clk)
Path Group: clk
Path Type: min

   Delay     Time   Description
-----------------------------------------------------------
   0.000    0.000   clock clk (rise edge)
   0.000    0.000   clock source latency
   0.000    0.000 ^ clk (in)
   0.120    0.120 ^ clkbuf_0_clk/X (sky130_fd_sc_hd__clkbuf_16)
   0.153    0.273 ^ clkbuf_1_0_0_clk/X (sky130_fd_sc_hd__clkbuf_8)
   0.184    0.457 ^ clkbuf_2_0_0_clk/X (sky130_fd_sc_hd__clkbuf_8)
   0.162    0.620 ^ clkbuf_4_2_0_clk/X (sky130_fd_sc_hd__clkbuf_8)
   0.164    0.784 ^ clkbuf_5_4__f_clk/X (sky130_fd_sc_hd__clkbuf_16)
   0.157    0.940 ^ clkbuf_leaf_197_clk/X (sky130_fd_sc_hd__clkbuf_8)
   0.000    0.941 ^ _13810_/CLK (sky130_fd_sc_hd__dfxtp_2)
   0.333    1.274 ^ _13810_/Q (sky130_fd_sc_hd__dfxtp_2)
   0.123    1.397 ^ _09034_/X (sky130_fd_sc_hd__mux2_1)
   0.000    1.397 ^ _13810_/D (sky130_fd_sc_hd__dfxtp_2)
            1.397   data arrival time

   0.000    0.000   clock clk (rise edge)
   0.000    0.000   clock source latency
   0.000    0.000 ^ clk (in)
   0.120    0.120 ^ clkbuf_0_clk/X (sky130_fd_sc_hd__clkbuf_16)
   0.153    0.273 ^ clkbuf_1_0_0_clk/X (sky130_fd_sc_hd__clkbuf_8)
   0.184    0.457 ^ clkbuf_2_0_0_clk/X (sky130_fd_sc_hd__clkbuf_8)
   0.162    0.620 ^ clkbuf_4_2_0_clk/X (sky130_fd_sc_hd__clkbuf_8)
   0.164    0.784 ^ clkbuf_5_4__f_clk/X (sky130_fd_sc_hd__clkbuf_16)
   0.157    0.940 ^ clkbuf_leaf_197_clk/X (sky130_fd_sc_hd__clkbuf_8)
   0.000    0.941 ^ _13810_/CLK (sky130_fd_sc_hd__dfxtp_2)
   0.250    1.191   clock uncertainty
   0.000    1.191   clock reconvergence pessimism
  -0.028    1.163   library hold time
            1.163   data required time
-----------------------------------------------------------
            1.163   data required time
           -1.397   data arrival time
-----------------------------------------------------------
            0.235   slack (MET)


STA_SETUP_WORST 2.028
STA_HOLD_WORST 0.235
max slew

Pin                                    Limit    Slew   Slack
------------------------------------------------------------
_11333_/Y                               1.49    0.79    0.70 (MET)

max fanout

Pin                                   Limit Fanout  Slack
---------------------------------------------------------
_06667_/X                                10     10      0 (MET)

max capacitance

Pin                                    Limit     Cap   Slack
------------------------------------------------------------
_13253_/Y                               0.06    0.03    0.04 (MET)

STA_MAX_SLEW_VIOLATIONS 0
STA_MAX_CAP_VIOLATIONS 0
STA_MAX_FANOUT_VIOLATIONS 0
