OpenSTA 2.7.0 GITDIR-NOT Copyright (c) 2025, Parallax Software, Inc.
License GPLv3: GNU GPL version 3 <http://gnu.org/licenses/gpl.html>

This is free software, and you are free to change and redistribute it
under certain conditions; type `show_copying' for details. 
This program comes with ABSOLUTELY NO WARRANTY; for details type `show_warranty'.
Warning: <pkg>/netlist/picorv32.routed.v line 11043, module sky130_fd_sc_hd__fill_1 not found. Creating black box for FILLER_0_1007.
Warning: <pkg>/netlist/picorv32.routed.v line 11046, module sky130_fd_sc_hd__fill_2 not found. Creating black box for FILLER_0_106.
Warning: <pkg>/netlist/picorv32.routed.v line 42305, module sky130_fd_sc_hd__tapvpwrvgnd_1 not found. Creating black box for TAP_TAPCELL_ROW_0_344.
STA_SPEF_ERROR: none
STA_SPEF_DRIVERS: 11009 313
STA_CORNER ff
Startpoint: resetn (input port clocked by clk)
Endpoint: _14949_ (rising edge-triggered flip-flop clocked by clk)
Path Group: clk
Path Type: max

   Delay     Time   Description
-----------------------------------------------------------
   0.000    0.000   clock clk (rise edge)
   0.000    0.000   clock network delay (propagated)
   4.125    4.125 ^ input external delay
   0.000    4.125 ^ resetn (in)
   0.092    4.217 ^ input2374/X (sky130_fd_sc_hd__buf_12)
   0.100    4.317 ^ fanout3484/X (sky130_fd_sc_hd__buf_8)
   0.049    4.366 v _06685_/Y (sky130_fd_sc_hd__inv_6)
   0.150    4.516 v fanout3020/X (sky130_fd_sc_hd__clkbuf_4)
   0.122    4.639 v fanout3019/X (sky130_fd_sc_hd__buf_6)
   0.162    4.801 ^ _08101_/Y (sky130_fd_sc_hd__nor2_2)
   0.118    4.919 ^ _08102_/X (sky130_fd_sc_hd__and3_2)
   0.173    5.091 ^ fanout2880/X (sky130_fd_sc_hd__buf_2)
   0.169    5.260 ^ fanout2879/X (sky130_fd_sc_hd__buf_2)
   0.206    5.466 ^ fanout2877/X (sky130_fd_sc_hd__buf_2)
   0.216    5.682 ^ fanout2876/X (sky130_fd_sc_hd__buf_2)
   0.203    5.885 v _13392_/X (sky130_fd_sc_hd__mux2_1)
   0.000    5.885 v _14949_/D (sky130_fd_sc_hd__dfxtp_2)
            5.885   data arrival time

   8.250    8.250   clock clk (rise edge)
   0.000    8.250   clock source latency
   0.000    8.250 ^ clk (in)
   0.086    8.336 ^ clkbuf_0_clk/X (sky130_fd_sc_hd__clkbuf_16)
   0.108    8.444 ^ clkbuf_1_1_0_clk/X (sky130_fd_sc_hd__clkbuf_8)
   0.135    8.579 ^ clkbuf_2_2_0_clk/X (sky130_fd_sc_hd__clkbuf_8)
   0.112    8.691 ^ clkbuf_4_8_0_clk/X (sky130_fd_sc_hd__clkbuf_8)
   0.119    8.810 ^ clkbuf_5_17__f_clk/X (sky130_fd_sc_hd__clkbuf_16)
   0.105    8.914 ^ clkbuf_leaf_166_clk/X (sky130_fd_sc_hd__clkbuf_8)
   0.000    8.915 ^ _14949_/CLK (sky130_fd_sc_hd__dfxtp_2)
  -0.250    8.665   clock uncertainty
   0.000    8.665   clock reconvergence pessimism
  -0.074    8.591   library setup time
            8.591   data required time
-----------------------------------------------------------
            8.591   data required time
           -5.885   data arrival time
-----------------------------------------------------------
            2.706   slack (MET)


Startpoint: _13810_ (rising edge-triggered flip-flop clocked by clk)
Endpoint: _13810_ (rising edge-triggered flip-flop clocked by clk)
Path Group: clk
Path Type: min

   Delay     Time   Description
-----------------------------------------------------------
   0.000    0.000   clock clk (rise edge)
   0.000    0.000   clock source latency
   0.000    0.000 ^ clk (in)
   0.086    0.086 ^ clkbuf_0_clk/X (sky130_fd_sc_hd__clkbuf_16)
   0.105    0.191 ^ clkbuf_1_0_0_clk/X (sky130_fd_sc_hd__clkbuf_8)
   0.126    0.317 ^ clkbuf_2_0_0_clk/X (sky130_fd_sc_hd__clkbuf_8)
   0.109    0.426 ^ clkbuf_4_2_0_clk/X (sky130_fd_sc_hd__clkbuf_8)
   0.113    0.540 ^ clkbuf_5_4__f_clk/X (sky130_fd_sc_hd__clkbuf_16)
   0.107    0.647 ^ clkbuf_leaf_197_clk/X (sky130_fd_sc_hd__clkbuf_8)
   0.000    0.647 ^ _13810_/CLK (sky130_fd_sc_hd__dfxtp_2)
   0.209    0.856 ^ _13810_/Q (sky130_fd_sc_hd__dfxtp_2)
   0.078    0.933 ^ _09034_/X (sky130_fd_sc_hd__mux2_1)
   0.000    0.934 ^ _13810_/D (sky130_fd_sc_hd__dfxtp_2)
            0.934   data arrival time

   0.000    0.000   clock clk (rise edge)
   0.000    0.000   clock source latency
   0.000    0.000 ^ clk (in)
   0.086    0.086 ^ clkbuf_0_clk/X (sky130_fd_sc_hd__clkbuf_16)
   0.105    0.191 ^ clkbuf_1_0_0_clk/X (sky130_fd_sc_hd__clkbuf_8)
   0.126    0.317 ^ clkbuf_2_0_0_clk/X (sky130_fd_sc_hd__clkbuf_8)
   0.109    0.426 ^ clkbuf_4_2_0_clk/X (sky130_fd_sc_hd__clkbuf_8)
   0.113    0.540 ^ clkbuf_5_4__f_clk/X (sky130_fd_sc_hd__clkbuf_16)
   0.107    0.647 ^ clkbuf_leaf_197_clk/X (sky130_fd_sc_hd__clkbuf_8)
   0.000    0.647 ^ _13810_/CLK (sky130_fd_sc_hd__dfxtp_2)
   0.250    0.897   clock uncertainty
   0.000    0.897   clock reconvergence pessimism
  -0.017    0.880   library hold time
            0.880   data required time
-----------------------------------------------------------
            0.880   data required time
           -0.934   data arrival time
-----------------------------------------------------------
            0.054   slack (MET)


STA_SETUP_WORST 2.706
STA_HOLD_WORST 0.054
max slew

Pin                                    Limit    Slew   Slack
------------------------------------------------------------
_11333_/Y                               1.49    0.58    0.91 (MET)

max fanout

Pin                                   Limit Fanout  Slack
---------------------------------------------------------
_06667_/X                                10     10      0 (MET)

max capacitance

Pin                                    Limit     Cap   Slack
------------------------------------------------------------
_13253_/Y                               0.09    0.03    0.07 (MET)

STA_MAX_SLEW_VIOLATIONS 0
STA_MAX_CAP_VIOLATIONS 0
STA_MAX_FANOUT_VIOLATIONS 0
