OpenSTA 2.7.0 GITDIR-NOT Copyright (c) 2025, Parallax Software, Inc.
License GPLv3: GNU GPL version 3 <http://gnu.org/licenses/gpl.html>

This is free software, and you are free to change and redistribute it
under certain conditions; type `show_copying' for details. 
This program comes with ABSOLUTELY NO WARRANTY; for details type `show_warranty'.
Warning: <pkg>/netlist/picorv32.routed.v line 11043, module sky130_fd_sc_hd__fill_1 not found. Creating black box for FILLER_0_1007.
Warning: <pkg>/netlist/picorv32.routed.v line 11046, module sky130_fd_sc_hd__fill_2 not found. Creating black box for FILLER_0_106.
Warning: <pkg>/netlist/picorv32.routed.v line 42305, module sky130_fd_sc_hd__tapvpwrvgnd_1 not found. Creating black box for TAP_TAPCELL_ROW_0_344.
STA_SPEF_ERROR: none
STA_SPEF_DRIVERS: 11009 313
STA_CORNER ss
Startpoint: resetn (input port clocked by clk)
Endpoint: _13819_ (rising edge-triggered flip-flop clocked by clk)
Path Group: clk
Path Type: max

   Delay     Time   Description
-----------------------------------------------------------
   0.000    0.000   clock clk (rise edge)
   0.000    0.000   clock network delay (propagated)
   4.125    4.125 ^ input external delay
   0.000    4.125 ^ resetn (in)
   0.219    4.344 ^ input2374/X (sky130_fd_sc_hd__buf_12)
   0.266    4.610 ^ fanout3484/X (sky130_fd_sc_hd__buf_8)
   0.142    4.752 v _06685_/Y (sky130_fd_sc_hd__inv_6)
   0.288    5.040 v fanout3026/X (sky130_fd_sc_hd__buf_12)
   0.151    5.191 ^ _08243_/Y (sky130_fd_sc_hd__nor2_4)
   0.273    5.464 ^ fanout2923/X (sky130_fd_sc_hd__buf_6)
   0.268    5.732 v _08244_/Y (sky130_fd_sc_hd__o21ai_4)
   0.936    6.667 v _09005_/X (sky130_fd_sc_hd__or3b_4)
   1.048    7.715 v _09006_/X (sky130_fd_sc_hd__or4b_4)
   0.284    7.999 v fanout2834/X (sky130_fd_sc_hd__buf_8)
   0.255    8.254 v fanout2832/X (sky130_fd_sc_hd__buf_12)
   0.300    8.555 v clone5984/X (sky130_fd_sc_hd__clkbuf_16)
   0.693    9.247 v _09053_/X (sky130_fd_sc_hd__mux2_1)
   0.000    9.247 v _13819_/D (sky130_fd_sc_hd__dfxtp_2)
            9.247   data arrival time

   8.250    8.250   clock clk (rise edge)
   0.000    8.250   clock source latency
   0.000    8.250 ^ clk (in)
   0.202    8.452 ^ clkbuf_0_clk/X (sky130_fd_sc_hd__clkbuf_16)
   0.273    8.725 ^ clkbuf_1_0_0_clk/X (sky130_fd_sc_hd__clkbuf_8)
   0.325    9.049 ^ clkbuf_2_0_0_clk/X (sky130_fd_sc_hd__clkbuf_8)
   0.293    9.342 ^ clkbuf_4_0_0_clk/X (sky130_fd_sc_hd__clkbuf_8)
   0.286    9.628 ^ clkbuf_5_1__f_clk/X (sky130_fd_sc_hd__clkbuf_16)
   0.279    9.907 ^ clkbuf_leaf_5_clk/X (sky130_fd_sc_hd__clkbuf_8)
   0.001    9.908 ^ _13819_/CLK (sky130_fd_sc_hd__dfxtp_2)
  -0.250    9.658   clock uncertainty
   0.000    9.658   clock reconvergence pessimism
  -0.282    9.376   library setup time
            9.376   data required time
-----------------------------------------------------------
            9.376   data required time
           -9.247   data arrival time
-----------------------------------------------------------
            0.129   slack (MET)


Startpoint: _13810_ (rising edge-triggered flip-flop clocked by clk)
Endpoint: _13810_ (rising edge-triggered flip-flop clocked by clk)
Path Group: clk
Path Type: min

   Delay     Time   Description
-----------------------------------------------------------
   0.000    0.000   clock clk (rise edge)
   0.000    0.000   clock source latency
   0.000    0.000 ^ clk (in)
   0.202    0.202 ^ clkbuf_0_clk/X (sky130_fd_sc_hd__clkbuf_16)
   0.273    0.475 ^ clkbuf_1_0_0_clk/X (sky130_fd_sc_hd__clkbuf_8)
   0.325    0.799 ^ clkbuf_2_0_0_clk/X (sky130_fd_sc_hd__clkbuf_8)
   0.291    1.090 ^ clkbuf_4_2_0_clk/X (sky130_fd_sc_hd__clkbuf_8)
   0.287    1.377 ^ clkbuf_5_4__f_clk/X (sky130_fd_sc_hd__clkbuf_16)
   0.277    1.655 ^ clkbuf_leaf_197_clk/X (sky130_fd_sc_hd__clkbuf_8)
   0.000    1.655 ^ _13810_/CLK (sky130_fd_sc_hd__dfxtp_2)
   0.686    2.341 ^ _13810_/Q (sky130_fd_sc_hd__dfxtp_2)
   0.241    2.581 ^ _09034_/X (sky130_fd_sc_hd__mux2_1)
   0.000    2.581 ^ _13810_/D (sky130_fd_sc_hd__dfxtp_2)
            2.581   data arrival time

   0.000    0.000   clock clk (rise edge)
   0.000    0.000   clock source latency
   0.000    0.000 ^ clk (in)
   0.202    0.202 ^ clkbuf_0_clk/X (sky130_fd_sc_hd__clkbuf_16)
   0.273    0.475 ^ clkbuf_1_0_0_clk/X (sky130_fd_sc_hd__clkbuf_8)
   0.325    0.799 ^ clkbuf_2_0_0_clk/X (sky130_fd_sc_hd__clkbuf_8)
   0.291    1.090 ^ clkbuf_4_2_0_clk/X (sky130_fd_sc_hd__clkbuf_8)
   0.287    1.377 ^ clkbuf_5_4__f_clk/X (sky130_fd_sc_hd__clkbuf_16)
   0.277    1.655 ^ clkbuf_leaf_197_clk/X (sky130_fd_sc_hd__clkbuf_8)
   0.000    1.655 ^ _13810_/CLK (sky130_fd_sc_hd__dfxtp_2)
   0.250    1.905   clock uncertainty
   0.000    1.905   clock reconvergence pessimism
  -0.068    1.837   library hold time
            1.837   data required time
-----------------------------------------------------------
            1.837   data required time
           -2.581   data arrival time
-----------------------------------------------------------
            0.744   slack (MET)


STA_SETUP_WORST 0.129
STA_HOLD_WORST 0.744
max slew

Pin                                    Limit    Slew   Slack
------------------------------------------------------------
_11833_/Y                               1.50    1.29    0.21 (MET)

max fanout

Pin                                   Limit Fanout  Slack
---------------------------------------------------------
_06667_/X                                10     10      0 (MET)

max capacitance

Pin                                    Limit     Cap   Slack
------------------------------------------------------------
_11333_/Y                               0.05    0.04    0.01 (MET)

STA_MAX_SLEW_VIOLATIONS 0
STA_MAX_CAP_VIOLATIONS 0
STA_MAX_FANOUT_VIOLATIONS 0
