OpenSTA 2.7.0 GITDIR-NOT Copyright (c) 2025, Parallax Software, Inc.
License GPLv3: GNU GPL version 3 <http://gnu.org/licenses/gpl.html>

This is free software, and you are free to change and redistribute it
under certain conditions; type `show_copying' for details. 
This program comes with ABSOLUTELY NO WARRANTY; for details type `show_warranty'.
STA_SPEF_ERROR: none
STA_SPEF_DRIVERS: 8557 173
STA_CORNER tt
Startpoint: resetn (input port clocked by clk)
Endpoint: reg_op2_reg[7] (rising edge-triggered flip-flop clocked by clk)
Path Group: clk
Path Type: max

   Delay     Time   Description
-----------------------------------------------------------
   0.000    0.000   clock clk (rise edge)
   0.000    0.000   clock network delay (propagated)
   4.125    4.125 ^ input external delay
   0.000    4.125 ^ resetn (in)
   0.059    4.184 v g143989/Y (sky130_fd_sc_hd__nand2_8)
   0.122    4.306 ^ FE_OFC1477_n_533/Y (sky130_fd_sc_hd__inv_8)
   0.064    4.370 v FE_OCPC1672_FE_OFN2200_n_533/Y (sky130_fd_sc_hd__inv_12)
   0.656    5.026 ^ g142889/Y (sky130_fd_sc_hd__nor2_2)
   0.354    5.379 ^ FE_OFC2386_n_3252/X (sky130_fd_sc_hd__clkbuf_1)
   0.136    5.515 v g142406/Y (sky130_fd_sc_hd__a22oi_1)
   0.169    5.685 v FE_RC_211_0/X (sky130_fd_sc_hd__and2_1)
   0.162    5.847 ^ FE_RC_210_0/Y (sky130_fd_sc_hd__nand3_1)
   0.095    5.942 v FE_RC_258_0/Y (sky130_fd_sc_hd__nor4_1)
   0.097    6.039 ^ FE_RC_259_0/Y (sky130_fd_sc_hd__inv_1)
   0.000    6.039 ^ reg_op2_reg[7]/D (sky130_fd_sc_hd__dfxtp_1)
            6.039   data arrival time

   8.250    8.250   clock clk (rise edge)
   0.000    8.250   clock source latency
   0.000    8.250 ^ clk (in)
   0.145    8.395 ^ CTS_idc_buf_00184/X (sky130_fd_sc_hd__clkbuf_16)
   0.166    8.561 ^ CTS_ccl_a_buf_00159/X (sky130_fd_sc_hd__clkbuf_16)
   0.187    8.747 ^ CTS_ccl_a_buf_00002/X (sky130_fd_sc_hd__clkbuf_4)
   0.001    8.748 ^ reg_op2_reg[7]/CLK (sky130_fd_sc_hd__dfxtp_1)
  -0.250    8.498   clock uncertainty
   0.000    8.498   clock reconvergence pessimism
  -0.055    8.443   library setup time
            8.443   data required time
-----------------------------------------------------------
            8.443   data required time
           -6.039   data arrival time
-----------------------------------------------------------
            2.403   slack (MET)


Startpoint: is_lbu_lhu_lw_reg (rising edge-triggered flip-flop clocked by clk)
Endpoint: latched_is_lu_reg (rising edge-triggered flip-flop clocked by clk)
Path Group: clk
Path Type: min

   Delay     Time   Description
-----------------------------------------------------------
   0.000    0.000   clock clk (rise edge)
   0.000    0.000   clock source latency
   0.000    0.000 ^ clk (in)
   0.128    0.128 ^ CTS_ccl_a_buf_00174/X (sky130_fd_sc_hd__clkbuf_8)
   0.174    0.303 ^ CTS_ccl_a_buf_00158/X (sky130_fd_sc_hd__clkbuf_8)
   0.196    0.499 ^ CTS_ccl_a_buf_00043/X (sky130_fd_sc_hd__clkbuf_4)
   0.001    0.500 ^ is_lbu_lhu_lw_reg/CLK (sky130_fd_sc_hd__dfxtp_1)
   0.321    0.821 ^ is_lbu_lhu_lw_reg/Q (sky130_fd_sc_hd__dfxtp_1)
   0.116    0.937 ^ g145068/X (sky130_fd_sc_hd__a22o_1)
   0.000    0.937 ^ latched_is_lu_reg/D (sky130_fd_sc_hd__dfxtp_1)
            0.937   data arrival time

   0.000    0.000   clock clk (rise edge)
   0.000    0.000   clock source latency
   0.000    0.000 ^ clk (in)
   0.128    0.128 ^ CTS_ccl_a_buf_00174/X (sky130_fd_sc_hd__clkbuf_8)
   0.174    0.303 ^ CTS_ccl_a_buf_00158/X (sky130_fd_sc_hd__clkbuf_8)
   0.196    0.499 ^ CTS_ccl_a_buf_00043/X (sky130_fd_sc_hd__clkbuf_4)
   0.000    0.500 ^ latched_is_lu_reg/CLK (sky130_fd_sc_hd__dfxtp_1)
   0.250    0.750   clock uncertainty
   0.000    0.750   clock reconvergence pessimism
  -0.024    0.725   library hold time
            0.725   data required time
-----------------------------------------------------------
            0.725   data required time
           -0.937   data arrival time
-----------------------------------------------------------
            0.212   slack (MET)


STA_SETUP_WORST 2.403
STA_HOLD_WORST 0.212
max slew

Pin                                    Limit    Slew   Slack
------------------------------------------------------------
reg_op2_reg[8]/Q                        1.50    0.90    0.60 (MET)

max fanout

Pin                                   Limit Fanout  Slack
---------------------------------------------------------
CTS_ccl_a_buf_00001/X                    10     10      0 (MET)

max capacitance

Pin                                    Limit     Cap   Slack
------------------------------------------------------------
g145088/Y                               0.04    0.01    0.02 (MET)

STA_MAX_SLEW_VIOLATIONS 0
STA_MAX_CAP_VIOLATIONS 0
STA_MAX_FANOUT_VIOLATIONS 0
