OpenSTA 2.7.0 GITDIR-NOT Copyright (c) 2025, Parallax Software, Inc.
License GPLv3: GNU GPL version 3 <http://gnu.org/licenses/gpl.html>

This is free software, and you are free to change and redistribute it
under certain conditions; type `show_copying' for details. 
This program comes with ABSOLUTELY NO WARRANTY; for details type `show_warranty'.
STA_SPEF_ERROR: none
STA_SPEF_DRIVERS: 8557 173
STA_CORNER ss
Startpoint: latched_branch_reg (rising edge-triggered flip-flop clocked by clk)
Endpoint: reg_next_pc_reg[30] (rising edge-triggered flip-flop clocked by clk)
Path Group: clk
Path Type: max

   Delay     Time   Description
-----------------------------------------------------------
   0.000    0.000   clock clk (rise edge)
   0.000    0.000   clock source latency
   0.000    0.000 ^ clk (in)
   0.247    0.247 ^ CTS_idc_buf_00184/X (sky130_fd_sc_hd__clkbuf_16)
   0.290    0.537 ^ CTS_ccl_a_buf_00159/X (sky130_fd_sc_hd__clkbuf_16)
   0.316    0.853 ^ CTS_ccl_a_buf_00055/X (sky130_fd_sc_hd__clkbuf_4)
   0.000    0.853 ^ latched_branch_reg/CLK (sky130_fd_sc_hd__dfxtp_4)
   0.852    1.706 ^ latched_branch_reg/Q (sky130_fd_sc_hd__dfxtp_4)
   0.226    1.931 v g76497/Y (sky130_fd_sc_hd__nand2_8)
   0.410    2.341 ^ g76326/Y (sky130_fd_sc_hd__nor2_8)
   0.509    2.851 ^ FE_RC_60_0/X (sky130_fd_sc_hd__a221o_1)
   0.355    3.206 ^ ADD_UNS_OP_g2/X (sky130_fd_sc_hd__and2_1)
   0.143    3.349 v ADD_UNS_OP_g2618/Y (sky130_fd_sc_hd__nand2_1)
   0.166    3.515 ^ ADD_UNS_OP_g2613/Y (sky130_fd_sc_hd__nand2_1)
   0.164    3.679 v ADD_UNS_OP_g2605/Y (sky130_fd_sc_hd__nand2_1)
   0.148    3.827 ^ ADD_UNS_OP_g2603/Y (sky130_fd_sc_hd__nand2_2)
   0.111    3.938 v ADD_UNS_OP_g2601/Y (sky130_fd_sc_hd__nand2_2)
   0.145    4.083 ^ ADD_UNS_OP_g2599/Y (sky130_fd_sc_hd__nand2_2)
   0.122    4.205 v FE_RC_32_0/Y (sky130_fd_sc_hd__nand2_2)
   0.163    4.368 ^ FE_RC_31_0/Y (sky130_fd_sc_hd__nand2_2)
   0.128    4.496 v ADD_UNS_OP_g2593/Y (sky130_fd_sc_hd__nand2_2)
   0.130    4.626 ^ ADD_UNS_OP_g2591/Y (sky130_fd_sc_hd__nand2_2)
   0.124    4.749 v ADD_UNS_OP_g2589/Y (sky130_fd_sc_hd__nand2_2)
   0.166    4.916 ^ ADD_UNS_OP_g2587/Y (sky130_fd_sc_hd__nand2_2)
   0.127    5.043 v FE_OFC1763_ADD_UNS_OP_n_1736/Y (sky130_fd_sc_hd__inv_2)
   0.248    5.291 ^ FE_RC_372_0/Y (sky130_fd_sc_hd__nor3_4)
   0.205    5.496 v ADD_UNS_OP_g2583/Y (sky130_fd_sc_hd__nand2_1)
   0.146    5.642 ^ ADD_UNS_OP_g2580/Y (sky130_fd_sc_hd__nand3_2)
   0.319    5.961 ^ ADD_UNS_OP_g2576/Y (sky130_fd_sc_hd__nor2b_4)
   0.174    6.135 v ADD_UNS_OP_g2572/Y (sky130_fd_sc_hd__a21oi_4)
   0.331    6.466 ^ FE_RC_377_0/Y (sky130_fd_sc_hd__o21bai_4)
   0.163    6.629 v ADD_UNS_OP_g2568/Y (sky130_fd_sc_hd__nand2_4)
   0.157    6.786 ^ ADD_UNS_OP_g2566/Y (sky130_fd_sc_hd__nand2_4)
   0.419    7.204 ^ ADD_UNS_OP_g2560/X (sky130_fd_sc_hd__a31o_4)
   0.196    7.401 v ADD_UNS_OP_g2554/Y (sky130_fd_sc_hd__nand3_2)
   0.337    7.738 v ADD_UNS_OP_g2542/X (sky130_fd_sc_hd__and2_1)
   0.220    7.957 v ADD_UNS_OP_g2532/Y (sky130_fd_sc_hd__xnor2_1)
   0.237    8.194 ^ FE_RC_308_0/Y (sky130_fd_sc_hd__a22oi_1)
   0.137    8.331 v g146221/Y (sky130_fd_sc_hd__nor2_1)
   0.000    8.331 v reg_next_pc_reg[30]/D (sky130_fd_sc_hd__dfxtp_1)
            8.331   data arrival time

   8.250    8.250   clock clk (rise edge)
   0.000    8.250   clock source latency
   0.000    8.250 ^ clk (in)
   0.224    8.474 ^ CTS_ccl_a_buf_00174/X (sky130_fd_sc_hd__clkbuf_8)
   0.311    8.785 ^ CTS_ccl_a_buf_00172/X (sky130_fd_sc_hd__clkbuf_8)
   0.344    9.130 ^ CTS_ccl_a_buf_00031/X (sky130_fd_sc_hd__clkbuf_4)
   0.001    9.130 ^ reg_next_pc_reg[30]/CLK (sky130_fd_sc_hd__dfxtp_1)
  -0.250    8.880   clock uncertainty
   0.000    8.880   clock reconvergence pessimism
  -0.269    8.611   library setup time
            8.611   data required time
-----------------------------------------------------------
            8.611   data required time
           -8.331   data arrival time
-----------------------------------------------------------
            0.280   slack (MET)


Startpoint: count_cycle_reg[0] (rising edge-triggered flip-flop clocked by clk)
Endpoint: count_cycle_reg[0] (rising edge-triggered flip-flop clocked by clk)
Path Group: clk
Path Type: min

   Delay     Time   Description
-----------------------------------------------------------
   0.000    0.000   clock clk (rise edge)
   0.000    0.000   clock source latency
   0.000    0.000 ^ clk (in)
   0.247    0.247 ^ CTS_idc_buf_00184/X (sky130_fd_sc_hd__clkbuf_16)
   0.297    0.545 ^ CTS_ccl_a_buf_00171/X (sky130_fd_sc_hd__clkbuf_16)
   0.323    0.867 ^ CTS_ccl_a_buf_00060/X (sky130_fd_sc_hd__clkbuf_4)
   0.000    0.868 ^ count_cycle_reg[0]/CLK (sky130_fd_sc_hd__dfxtp_1)
   0.699    1.567 v count_cycle_reg[0]/Q (sky130_fd_sc_hd__dfxtp_1)
   0.189    1.756 ^ g147003/Y (sky130_fd_sc_hd__nor2_1)
   0.000    1.756 ^ count_cycle_reg[0]/D (sky130_fd_sc_hd__dfxtp_1)
            1.756   data arrival time

   0.000    0.000   clock clk (rise edge)
   0.000    0.000   clock source latency
   0.000    0.000 ^ clk (in)
   0.247    0.247 ^ CTS_idc_buf_00184/X (sky130_fd_sc_hd__clkbuf_16)
   0.297    0.545 ^ CTS_ccl_a_buf_00171/X (sky130_fd_sc_hd__clkbuf_16)
   0.323    0.867 ^ CTS_ccl_a_buf_00060/X (sky130_fd_sc_hd__clkbuf_4)
   0.000    0.868 ^ count_cycle_reg[0]/CLK (sky130_fd_sc_hd__dfxtp_1)
   0.250    1.118   clock uncertainty
   0.000    1.118   clock reconvergence pessimism
  -0.073    1.044   library hold time
            1.044   data required time
-----------------------------------------------------------
            1.044   data required time
           -1.756   data arrival time
-----------------------------------------------------------
            0.712   slack (MET)


STA_SETUP_WORST 0.280
STA_HOLD_WORST 0.712
max slew

Pin                                    Limit    Slew   Slack
------------------------------------------------------------
g142889/Y                               1.50    1.42    0.07 (MET)

max fanout

Pin                                   Limit Fanout  Slack
---------------------------------------------------------
CTS_ccl_a_buf_00001/X                    10     10      0 (MET)

max capacitance

Pin                                    Limit     Cap   Slack
------------------------------------------------------------
g76084__1666/Y                          0.02    0.02    0.00 (MET)

STA_MAX_SLEW_VIOLATIONS 0
STA_MAX_CAP_VIOLATIONS 0
STA_MAX_FANOUT_VIOLATIONS 0
